{
    "-profile test_fasta_output_grcm39": {
        "content": [
            25,
            {
                "BCFTOOLS_STATS": {
                    "bcftools": 1.22
                },
                "CAT_FASTA": {
                    "pigz": "2.3.4"
                },
                "EPYTOPE_VARIANT_PREDICTION": {
                    "python": "3.7.12",
                    "epytope": "3.3.1",
                    "pandas": "1.3.5",
                    "pyvcf": "1.0.3"
                },
                "SNPSIFT_SPLIT": {
                    "snpsift": 4.3
                },
                "Workflow": {
                    "nf-core/epitopeprediction": "v3.2.0dev"
                }
            },
            [
                "epytope",
                "epytope/variants_vep_grcm39.fasta",
                "epytope/variants_vep_grcm39_variants_vep_grcm39.1.tsv",
                "epytope/variants_vep_grcm39_variants_vep_grcm39.10.tsv",
                "epytope/variants_vep_grcm39_variants_vep_grcm39.11.tsv",
                "epytope/variants_vep_grcm39_variants_vep_grcm39.12.tsv",
                "epytope/variants_vep_grcm39_variants_vep_grcm39.13.tsv",
                "epytope/variants_vep_grcm39_variants_vep_grcm39.14.tsv",
                "epytope/variants_vep_grcm39_variants_vep_grcm39.15.tsv",
                "epytope/variants_vep_grcm39_variants_vep_grcm39.16.tsv",
                "epytope/variants_vep_grcm39_variants_vep_grcm39.17.tsv",
                "epytope/variants_vep_grcm39_variants_vep_grcm39.18.tsv",
                "epytope/variants_vep_grcm39_variants_vep_grcm39.19.tsv",
                "epytope/variants_vep_grcm39_variants_vep_grcm39.2.tsv",
                "epytope/variants_vep_grcm39_variants_vep_grcm39.3.tsv",
                "epytope/variants_vep_grcm39_variants_vep_grcm39.4.tsv",
                "epytope/variants_vep_grcm39_variants_vep_grcm39.5.tsv",
                "epytope/variants_vep_grcm39_variants_vep_grcm39.6.tsv",
                "epytope/variants_vep_grcm39_variants_vep_grcm39.7.tsv",
                "epytope/variants_vep_grcm39_variants_vep_grcm39.8.tsv",
                "epytope/variants_vep_grcm39_variants_vep_grcm39.9.tsv",
                "epytope/variants_vep_grcm39_variants_vep_grcm39.X.tsv",
                "epytope/variants_vep_grcm39_variants_vep_grcm39.Y.tsv",
                "multiqc",
                "multiqc/multiqc_data",
                "multiqc/multiqc_data/bcftools-stats-subtypes.txt",
                "multiqc/multiqc_data/bcftools_stats_indel-lengths.txt",
                "multiqc/multiqc_data/bcftools_stats_variant_depths.txt",
                "multiqc/multiqc_data/bcftools_stats_vqc_Count_Indels.txt",
                "multiqc/multiqc_data/bcftools_stats_vqc_Count_SNP.txt",
                "multiqc/multiqc_data/bcftools_stats_vqc_Count_Transitions.txt",
                "multiqc/multiqc_data/bcftools_stats_vqc_Count_Transversions.txt",
                "multiqc/multiqc_data/llms-full.txt",
                "multiqc/multiqc_data/multiqc.log",
                "multiqc/multiqc_data/multiqc.parquet",
                "multiqc/multiqc_data/multiqc_bcftools_stats.txt",
                "multiqc/multiqc_data/multiqc_citations.txt",
                "multiqc/multiqc_data/multiqc_data.json",
                "multiqc/multiqc_data/multiqc_general_stats.txt",
                "multiqc/multiqc_data/multiqc_software_versions.txt",
                "multiqc/multiqc_data/multiqc_sources.txt",
                "multiqc/multiqc_plots",
                "multiqc/multiqc_plots/pdf",
                "multiqc/multiqc_plots/pdf/bcftools-stats-subtypes-cnt.pdf",
                "multiqc/multiqc_plots/pdf/bcftools-stats-subtypes-pct.pdf",
                "multiqc/multiqc_plots/pdf/bcftools_stats_indel-lengths-cnt.pdf",
                "multiqc/multiqc_plots/pdf/bcftools_stats_indel-lengths-log.pdf",
                "multiqc/multiqc_plots/pdf/bcftools_stats_variant_depths.pdf",
                "multiqc/multiqc_plots/pdf/bcftools_stats_vqc_Count_Indels.pdf",
                "multiqc/multiqc_plots/pdf/bcftools_stats_vqc_Count_SNP.pdf",
                "multiqc/multiqc_plots/pdf/bcftools_stats_vqc_Count_Transitions.pdf",
                "multiqc/multiqc_plots/pdf/bcftools_stats_vqc_Count_Transversions.pdf",
                "multiqc/multiqc_plots/png",
                "multiqc/multiqc_plots/png/bcftools-stats-subtypes-cnt.png",
                "multiqc/multiqc_plots/png/bcftools-stats-subtypes-pct.png",
                "multiqc/multiqc_plots/png/bcftools_stats_indel-lengths-cnt.png",
                "multiqc/multiqc_plots/png/bcftools_stats_indel-lengths-log.png",
                "multiqc/multiqc_plots/png/bcftools_stats_variant_depths.png",
                "multiqc/multiqc_plots/png/bcftools_stats_vqc_Count_Indels.png",
                "multiqc/multiqc_plots/png/bcftools_stats_vqc_Count_SNP.png",
                "multiqc/multiqc_plots/png/bcftools_stats_vqc_Count_Transitions.png",
                "multiqc/multiqc_plots/png/bcftools_stats_vqc_Count_Transversions.png",
                "multiqc/multiqc_plots/svg",
                "multiqc/multiqc_plots/svg/bcftools-stats-subtypes-cnt.svg",
                "multiqc/multiqc_plots/svg/bcftools-stats-subtypes-pct.svg",
                "multiqc/multiqc_plots/svg/bcftools_stats_indel-lengths-cnt.svg",
                "multiqc/multiqc_plots/svg/bcftools_stats_indel-lengths-log.svg",
                "multiqc/multiqc_plots/svg/bcftools_stats_variant_depths.svg",
                "multiqc/multiqc_plots/svg/bcftools_stats_vqc_Count_Indels.svg",
                "multiqc/multiqc_plots/svg/bcftools_stats_vqc_Count_SNP.svg",
                "multiqc/multiqc_plots/svg/bcftools_stats_vqc_Count_Transitions.svg",
                "multiqc/multiqc_plots/svg/bcftools_stats_vqc_Count_Transversions.svg",
                "multiqc/multiqc_report.html",
                "pipeline_info",
                "pipeline_info/nf_core_epitopeprediction_software_mqc_versions.yml"
            ],
            [
                "bcftools-stats-subtypes.txt:md5,36099bc798c3f0a2dbc0adba3f12a781",
                "bcftools_stats_indel-lengths.txt:md5,a0167f78ffb90d426b87210598c3a404",
                "bcftools_stats_variant_depths.txt:md5,53f48426977a44f7b24be10d24cc5d5c",
                "bcftools_stats_vqc_Count_Indels.txt:md5,1017d2b6fd8288a69204989443cbb071",
                "bcftools_stats_vqc_Count_SNP.txt:md5,87bacac5a3564da60a3d2b875d197174",
                "bcftools_stats_vqc_Count_Transitions.txt:md5,e301b8c8760fdd149b2e8924d8f9e9b7",
                "bcftools_stats_vqc_Count_Transversions.txt:md5,fa49ad1a18a4b9cf7d84f05d0018de30",
                "multiqc_bcftools_stats.txt:md5,802b8594e334574f260d470e145e0c4a",
                "multiqc_citations.txt:md5,5cbab4ecbe14049d965fd97bd61d252b",
                "multiqc_general_stats.txt:md5,ddd914edcabcf1eec70d03dc47c812a4"
            ]
        ],
        "meta": {
            "nf-test": "0.9.3",
            "nextflow": "25.10.3"
        },
        "timestamp": "2026-02-05T15:14:58.292105289"
    }
}